[2.398s] Invoking command in '/home/parallels/Forschsemrep/strawberry_ws/build/strawberry_tools': AMENT_PREFIX_PATH=/home/parallels/Forschsemrep/strawberry_ws/install/strawberry_msgs:${AMENT_PREFIX_PATH} CMAKE_PREFIX_PATH=/home/parallels/Forschsemrep/strawberry_ws/install/strawberry_msgs LD_LIBRARY_PATH=/home/parallels/Forschsemrep/strawberry_ws/install/strawberry_msgs/lib:${LD_LIBRARY_PATH} PYTHONPATH=/home/parallels/Forschsemrep/strawberry_ws/build/strawberry_tools/prefix_override:/usr/lib/python3/dist-packages/colcon_core/task/python/colcon_distutils_commands:/home/parallels/Forschsemrep/strawberry_ws/install/strawberry_tools/lib/python3.10/site-packages:/home/parallels/Forschsemrep/strawberry_ws/install/strawberry_msgs/local/lib/python3.10/dist-packages:${PYTHONPATH} /usr/bin/python3 -W ignore:setup.py install is deprecated -W ignore:easy_install command is deprecated setup.py develop --editable --build-directory /home/parallels/Forschsemrep/strawberry_ws/build/strawberry_tools/build --no-deps symlink_data
[2.978s] running develop
[3.488s] running egg_info
[3.488s] creating strawberry_tools.egg-info
[3.488s] writing strawberry_tools.egg-info/PKG-INFO
[3.488s] writing dependency_links to strawberry_tools.egg-info/dependency_links.txt
[3.489s] writing entry points to strawberry_tools.egg-info/entry_points.txt
[3.489s] writing requirements to strawberry_tools.egg-info/requires.txt
[3.489s] writing top-level names to strawberry_tools.egg-info/top_level.txt
[3.490s] writing manifest file 'strawberry_tools.egg-info/SOURCES.txt'
[3.492s] reading manifest file 'strawberry_tools.egg-info/SOURCES.txt'
[3.493s] writing manifest file 'strawberry_tools.egg-info/SOURCES.txt'
[3.495s] running build_ext
[3.495s] Creating /home/parallels/Forschsemrep/strawberry_ws/install/strawberry_tools/lib/python3.10/site-packages/strawberry-tools.egg-link (link to .)
[3.497s] Installing sync_audit script to /home/parallels/Forschsemrep/strawberry_ws/install/strawberry_tools/lib/strawberry_tools
[3.497s] 
[3.497s] Installed /home/parallels/Forschsemrep/strawberry_ws/build/strawberry_tools
[3.497s] running symlink_data
[3.497s] creating /home/parallels/Forschsemrep/strawberry_ws/install/strawberry_tools/share/ament_index
[3.498s] creating /home/parallels/Forschsemrep/strawberry_ws/install/strawberry_tools/share/ament_index/resource_index
[3.498s] creating /home/parallels/Forschsemrep/strawberry_ws/install/strawberry_tools/share/ament_index/resource_index/packages
[3.498s] symbolically linking /home/parallels/Forschsemrep/strawberry_ws/build/strawberry_tools/resource/strawberry_tools -> /home/parallels/Forschsemrep/strawberry_ws/install/strawberry_tools/share/ament_index/resource_index/packages
[3.500s] symbolically linking /home/parallels/Forschsemrep/strawberry_ws/build/strawberry_tools/package.xml -> /home/parallels/Forschsemrep/strawberry_ws/install/strawberry_tools/share/strawberry_tools
[3.569s] Invoked command in '/home/parallels/Forschsemrep/strawberry_ws/build/strawberry_tools' returned '0': AMENT_PREFIX_PATH=/home/parallels/Forschsemrep/strawberry_ws/install/strawberry_msgs:${AMENT_PREFIX_PATH} CMAKE_PREFIX_PATH=/home/parallels/Forschsemrep/strawberry_ws/install/strawberry_msgs LD_LIBRARY_PATH=/home/parallels/Forschsemrep/strawberry_ws/install/strawberry_msgs/lib:${LD_LIBRARY_PATH} PYTHONPATH=/home/parallels/Forschsemrep/strawberry_ws/build/strawberry_tools/prefix_override:/usr/lib/python3/dist-packages/colcon_core/task/python/colcon_distutils_commands:/home/parallels/Forschsemrep/strawberry_ws/install/strawberry_tools/lib/python3.10/site-packages:/home/parallels/Forschsemrep/strawberry_ws/install/strawberry_msgs/local/lib/python3.10/dist-packages:${PYTHONPATH} /usr/bin/python3 -W ignore:setup.py install is deprecated -W ignore:easy_install command is deprecated setup.py develop --editable --build-directory /home/parallels/Forschsemrep/strawberry_ws/build/strawberry_tools/build --no-deps symlink_data
